
> termux-aichain@1.1.0 test
> node --test tests/*.test.js

✔ Node.js: PromptTemplate basic substitution (3.3637ms)
✔ Node.js: ChatPromptTemplate formatting (0.7878ms)
✔ Node.js: JsonOutputParser markdown extraction (0.893ms)
✔ Node.js: RecursiveCharacterTextSplitter (0.8436ms)
✔ Node.js: Device tools default suite (23.9154ms)
✔ Node.js: LocalAgent default constructor & run facade (5.4024ms)
✔ Node.js: LocalAgent.connect and LocalAgent.local factories with identityVerifier DI (0.7573ms)
✔ Node.js: verifyServerIdentity contract validation & fail-closed fallback (49.5647ms)
✔ Node.js: verifyServerIdentity fail-closed on missing model ID without fallback (8.7887ms)
✔ Node.js: StateGraph linear execution (5.9928ms)
✔ Node.js: StateGraph cyclic loop (0.5998ms)
✔ Node.js: createReactAgent tool schema validation & default deny (7.44ms)
✔ Node.js: createReactAgent unconfigured policy strictly denies all tools (Default Deny) (1.1438ms)
✔ Node.js: ConversationBufferMemory window (2.8066ms)
✔ Node.js: MicroVectorStore cosine search (0.8198ms)
[*] @termux-ai/chain serving agent on http://127.0.0.1:0
✔ Node.js: 1-Line serve HTTP invoke & security (77.2242ms)
✔ Node.js: Tracer hierarchical tree and metrics (4.9153ms)
ℹ tests 17
ℹ suites 0
ℹ pass 17
ℹ fail 0
ℹ cancelled 0
ℹ skipped 0
ℹ todo 0
ℹ duration_ms 432.9228
