
> termux-aichain@1.1.0 test
> node --test tests/*.test.js

✔ Node.js: PromptTemplate basic substitution (3.4132ms)
✔ Node.js: ChatPromptTemplate formatting (0.7937ms)
✔ Node.js: JsonOutputParser markdown extraction (0.904ms)
✔ Node.js: RecursiveCharacterTextSplitter (0.9347ms)
✔ Node.js: Device tools default suite (26.393ms)
✔ Node.js: LocalAgent default constructor & run facade (8.4136ms)
✔ Node.js: LocalAgent.connect and LocalAgent.local factories with identityVerifier DI (1.013ms)
✔ Node.js: verifyServerIdentity contract validation & fail-closed fallback (93.1533ms)
✔ Node.js: verifyServerIdentity fail-closed on missing model ID without fallback (10.4092ms)
✔ Node.js: StateGraph linear execution (2.6004ms)
✔ Node.js: StateGraph cyclic loop (1.3072ms)
✔ Node.js: createReactAgent tool schema validation & default deny (11.4367ms)
✔ Node.js: createReactAgent unconfigured policy strictly denies all tools (Default Deny) (2.3751ms)
✔ Node.js: ConversationBufferMemory window (1.8564ms)
✔ Node.js: MicroVectorStore cosine search (0.786ms)
[*] @termux-ai/chain serving agent on http://127.0.0.1:0
✔ Node.js: 1-Line serve HTTP invoke & security (103.8269ms)
✔ Node.js: Tracer hierarchical tree and metrics (3.945ms)
ℹ tests 17
ℹ suites 0
ℹ pass 17
ℹ fail 0
ℹ cancelled 0
ℹ skipped 0
ℹ todo 0
ℹ duration_ms 552.9838
